events in trace:    1000000
total disk reads:   14773
total disk writes:  15
