events in trace:    40
total disk reads:   36
total disk writes:  1
