events in trace:    20
total disk reads:   16
total disk writes:  2
