events in trace:    1000000
total disk reads:   2399
total disk writes:  134
