events in trace:    20
total disk reads:   14
total disk writes:  0
