events in trace:    20
total disk reads:   19
total disk writes:  1
