events in trace:    40
total disk reads:   35
total disk writes:  2
