events in trace:    1000000
total disk reads:   3347
total disk writes:  271
