events in trace:    20
total disk reads:   17
total disk writes:  0
