events in trace:    20
total disk reads:   18
total disk writes:  1
