events in trace:    1000000
total disk reads:   2148
total disk writes:  146
