events in trace:    20
total disk reads:   15
total disk writes:  1
