events in trace:    40
total disk reads:   34
total disk writes:  0
